
> build
> vite build

[36mvite v5.4.14 [32mbuilding for production...[36m[39m
[32mÔ£ô[39m 0 modules transformed.
node.exe : [31mx[39m 
Build failed in 64ms
No linha:1 caractere:1
+ & "C:\Program 
Files\nodejs/node.exe" 
"C:\Users\Josue\AppData
\Roaming\ ...
+ ~~~~~~~~~~~~~~~~~~~~~
~~~~~~~~~~~~~~~~~~~~~~~
~~~~~~~~~~~~~~~~~~~~~~~
~~
    + CategoryInfo     
         : NotSpecifi  
  ed: ([31mx[39m B   
 uild failed in 64m    
s:String) [], Remo    
teException
    + FullyQualifiedEr 
   rorId : NativeComm  
  andError
 
[31merror during 
build:
[31m[@tailwindcss/vite
:generate:build] Can't 
resolve 'tailwindcss' 
in 'C:\Users\Josue\Docu
ments\GitHub\ChurchMana
ger.Vue\resources\css'
[31m
file: [36mC:\Users\Jos
ue\Documents\GitHub\Chu
rchManager.Vue\resource
s\css\app.css[31m
    at 
finishWithoutResolve (C
:\Users\Josue\Documents
\GitHub\ChurchManager.V
ue\node_modules\enhance
d-resolve\lib\Resolver.
js:586:18)
    at C:\Users\Josue\D
ocuments\GitHub\ChurchM
anager.Vue\node_modules
\enhanced-resolve\lib\R
esolver.js:678:14
    at C:\Users\Josue\D
ocuments\GitHub\ChurchM
anager.Vue\node_modules
\enhanced-resolve\lib\R
esolver.js:739:5
    at eval (eval at 
create (C:\Users\Josue\
Documents\GitHub\Church
Manager.Vue\node_module
s\tapable\lib\HookCodeF
actory.js:31:10), 
<anonymous>:15:1)
    at C:\Users\Josue\D
ocuments\GitHub\ChurchM
anager.Vue\node_modules
\enhanced-resolve\lib\R
esolver.js:739:5
    at eval (eval at 
create (C:\Users\Josue\
Documents\GitHub\Church
Manager.Vue\node_module
s\tapable\lib\HookCodeF
actory.js:31:10), 
<anonymous>:27:1)
    at C:\Users\Josue\D
ocuments\GitHub\ChurchM
anager.Vue\node_modules
\enhanced-resolve\lib\D
escriptionFilePlugin.js
:89:43
    at C:\Users\Josue\D
ocuments\GitHub\ChurchM
anager.Vue\node_modules
\enhanced-resolve\lib\R
esolver.js:739:5
    at eval (eval at 
create (C:\Users\Josue\
Documents\GitHub\Church
Manager.Vue\node_module
s\tapable\lib\HookCodeF
actory.js:31:10), 
<anonymous>:15:1)
    at C:\Users\Josue\D
ocuments\GitHub\ChurchM
anager.Vue\node_modules
\enhanced-resolve\lib\R
esolver.js:739:5[39m
